// Jest Snapshot v1, https://goo.gl/fbAQLP

exports[`Helpers declarationTitle helper should compile 1`] = `"**color**: *string*"`;

exports[`Helpers parameterNameAndType helper sould compile 1`] = `"â–ª\`Const\`  **objectLiteral**: *object*"`;

exports[`Helpers parameterTable helper should compile 1`] = `
"
Name | Type | Default | Description |
------ | ------ | ------ | ------ |
\`valueA\` | string | \\"defaultValue\\" | A parameter with a default string value. |
\`valueB\` | number | 100 | A parameter with a default numeric value. |
\`valueC\` | number | Number.NaN | A parameter with a default NaN value. |
\`valueD\` | boolean | true | A parameter with a default boolean value. |
\`valueE\` | boolean | null | A parameter with a default null value. |
"
`;

exports[`Helpers signatureTitle helper should compile 1`] = `
"**functionWithParameters**(\`paramZ\`: string, \`paramG\`: any, \`paramA\`: any): *number*
"
`;

exports[`Helpers type helper should compile intrinsic type 1`] = `"string"`;

exports[`Helpers typeAndParent helper should compile 1`] = `"[INameInterface](../interfaces/_classes_.inameinterface.md).[name](../interfaces/_classes_.inameinterface.md#name)"`;

exports[`Helpers utils helpers should compile stripLineBreaks helper: line 1  line2 1`] = `"line 1  line2 "`;
