// Jest Snapshot v1, https://goo.gl/fbAQLP

exports[`[helpers] declarationTitle should compile 1`] = `"**color**: *string*"`;
