// Jest Snapshot v1, https://goo.gl/fbAQLP

exports[`[helpers] parameterNameAndType sould compile 1`] = `"â–ª\`Const\`  **objectLiteral**: *object*"`;
