// Jest Snapshot v1, https://goo.gl/fbAQLP

exports[`[helpers] parameterTable should compile 1`] = `
"
Name | Type | Default | Description |
------ | ------ | ------ | ------ |
\`valueA\` | string | \\"defaultValue\\" | A parameter with a default string value. |
\`valueB\` | number | 100 | A parameter with a default numeric value. |
\`valueC\` | number | Number.NaN | A parameter with a default NaN value. |
\`valueD\` | boolean | true | A parameter with a default boolean value. |
\`valueE\` | boolean | null | A parameter with a default null value. |
"
`;
