// Jest Snapshot v1, https://goo.gl/fbAQLP

exports[`[helpers] signatureTitle should compile 1`] = `
"**functionWithParameters**(\`paramZ\`: string, \`paramG\`: any, \`paramA\`: any): *number*
"
`;
