// Jest Snapshot v1, https://goo.gl/fbAQLP

exports[`[helpers] type should compile intrinsic type 1`] = `"string"`;
