// Jest Snapshot v1, https://goo.gl/fbAQLP

exports[`[helpers] typeAndParent should compile 1`] = `"[INameInterface](../interfaces/_classes_.inameinterface.md).[name](../interfaces/_classes_.inameinterface.md#name)"`;
